%Warning: System has stack size 8176 kb which may be too small; failed to request more using 'ulimit -s 177379354'
UVM_INFO <project>/third_party/uvm/src/base/uvm_root.svh(476) @ 0: reporter [UVM/RELNOTES]
  ***********       IMPORTANT RELEASE NOTES         ************

  This implementation of the UVM Library deviates from the 1800.2-2020
  standard.  See the DEVIATIONS.md file contained in the release
  for more details.

----------------------------------------------------------------
Accellera:1800.2:UVM:2020.3.1

All copyright owners for this kit are listed in NOTICE.txt
All Rights Reserved Worldwide
----------------------------------------------------------------

      (Specify +UVM_NO_RELNOTES to turn off this notice)

UVM_WARNING <project>/third_party/uvm/src/base/uvm_root.svh(549) @ 0: reporter [NO_DPI_USED] We are thinking of removing support for UVM_NO_DPI.  Please try this test without it and evaluate the impact
UVM_INFO @ 0: reporter [RNTST] Running test counter_test...
UVM_INFO <project>/third_party/uvm/src/base/uvm_traversal.svh(345) @ 0: reporter [UVM/COMP/NAMECHECK] This implementation of the component name checks requires DPI to be enabled
UVM_WARNING <project>/third_party/uvm/src/base/uvm_traversal.svh(314) @ 0: reporter [NO_VISIT_CHECK] Because UVM_REGEX_NO_DPI is defined, no uvm component name constraints will be checked
UVM_INFO tb/counter_pkg.sv(108) @ 7747000: uvm_test_top.env.scoreboard [COUNTER_STATS] checked=775 resets=33 holds=237 increments=505 wraps=1
UVM_INFO <project>/third_party/uvm/src/base/uvm_report_server.svh(1009) @ 7747000: reporter [UVM/REPORT/SERVER]
--- UVM Report Summary ---

** Report counts by severity
UVM_INFO :    4
UVM_WARNING :    2
UVM_ERROR :    0
UVM_FATAL :    0
** Report counts by id
[COUNTER_STATS]     1
[NO_DPI_USED]     1
[NO_VISIT_CHECK]     1
[RNTST]     1
[UVM/COMP/NAMECHECK]     1
[UVM/RELNOTES]     1

- <project>/third_party/uvm/src/base/uvm_root.svh:633: Verilog $finish
- S i m u l a t i o n   R e p o r t: Verilator 5.050 2026-07-01
- Verilator: $finish at 8us; walltime 0.023 s; speed 341.262 us/s
- Verilator: cpu 0.023 s on 1 threads; allocated 14 MB

PASS seed=1; waveform=build/counter_seed_1.vcd; independently checked={'checked': 775, 'resets': 33, 'holds': 237, 'increments': 505, 'wraps': 1}
%Warning: System has stack size 8176 kb which may be too small; failed to request more using 'ulimit -s 177379354'
UVM_INFO <project>/third_party/uvm/src/base/uvm_root.svh(476) @ 0: reporter [UVM/RELNOTES]
  ***********       IMPORTANT RELEASE NOTES         ************

  This implementation of the UVM Library deviates from the 1800.2-2020
  standard.  See the DEVIATIONS.md file contained in the release
  for more details.

----------------------------------------------------------------
Accellera:1800.2:UVM:2020.3.1

All copyright owners for this kit are listed in NOTICE.txt
All Rights Reserved Worldwide
----------------------------------------------------------------

      (Specify +UVM_NO_RELNOTES to turn off this notice)

UVM_WARNING <project>/third_party/uvm/src/base/uvm_root.svh(549) @ 0: reporter [NO_DPI_USED] We are thinking of removing support for UVM_NO_DPI.  Please try this test without it and evaluate the impact
UVM_INFO @ 0: reporter [RNTST] Running test counter_test...
UVM_INFO <project>/third_party/uvm/src/base/uvm_traversal.svh(345) @ 0: reporter [UVM/COMP/NAMECHECK] This implementation of the component name checks requires DPI to be enabled
UVM_WARNING <project>/third_party/uvm/src/base/uvm_traversal.svh(314) @ 0: reporter [NO_VISIT_CHECK] Because UVM_REGEX_NO_DPI is defined, no uvm component name constraints will be checked
UVM_INFO tb/counter_pkg.sv(108) @ 7747000: uvm_test_top.env.scoreboard [COUNTER_STATS] checked=775 resets=30 holds=259 increments=486 wraps=1
UVM_INFO <project>/third_party/uvm/src/base/uvm_report_server.svh(1009) @ 7747000: reporter [UVM/REPORT/SERVER]
--- UVM Report Summary ---

** Report counts by severity
UVM_INFO :    4
UVM_WARNING :    2
UVM_ERROR :    0
UVM_FATAL :    0
** Report counts by id
[COUNTER_STATS]     1
[NO_DPI_USED]     1
[NO_VISIT_CHECK]     1
[RNTST]     1
[UVM/COMP/NAMECHECK]     1
[UVM/RELNOTES]     1

- <project>/third_party/uvm/src/base/uvm_root.svh:633: Verilog $finish
- S i m u l a t i o n   R e p o r t: Verilator 5.050 2026-07-01
- Verilator: $finish at 8us; walltime 0.022 s; speed 347.617 us/s
- Verilator: cpu 0.022 s on 1 threads; allocated 14 MB

PASS seed=42; waveform=build/counter_seed_42.vcd; independently checked={'checked': 775, 'resets': 30, 'holds': 259, 'increments': 486, 'wraps': 1}
%Warning: System has stack size 8176 kb which may be too small; failed to request more using 'ulimit -s 177379354'
UVM_INFO <project>/third_party/uvm/src/base/uvm_root.svh(476) @ 0: reporter [UVM/RELNOTES]
  ***********       IMPORTANT RELEASE NOTES         ************

  This implementation of the UVM Library deviates from the 1800.2-2020
  standard.  See the DEVIATIONS.md file contained in the release
  for more details.

----------------------------------------------------------------
Accellera:1800.2:UVM:2020.3.1

All copyright owners for this kit are listed in NOTICE.txt
All Rights Reserved Worldwide
----------------------------------------------------------------

      (Specify +UVM_NO_RELNOTES to turn off this notice)

UVM_WARNING <project>/third_party/uvm/src/base/uvm_root.svh(549) @ 0: reporter [NO_DPI_USED] We are thinking of removing support for UVM_NO_DPI.  Please try this test without it and evaluate the impact
UVM_INFO @ 0: reporter [RNTST] Running test counter_test...
UVM_INFO <project>/third_party/uvm/src/base/uvm_traversal.svh(345) @ 0: reporter [UVM/COMP/NAMECHECK] This implementation of the component name checks requires DPI to be enabled
UVM_WARNING <project>/third_party/uvm/src/base/uvm_traversal.svh(314) @ 0: reporter [NO_VISIT_CHECK] Because UVM_REGEX_NO_DPI is defined, no uvm component name constraints will be checked
UVM_INFO tb/counter_pkg.sv(108) @ 7747000: uvm_test_top.env.scoreboard [COUNTER_STATS] checked=775 resets=34 holds=234 increments=507 wraps=1
UVM_INFO <project>/third_party/uvm/src/base/uvm_report_server.svh(1009) @ 7747000: reporter [UVM/REPORT/SERVER]
--- UVM Report Summary ---

** Report counts by severity
UVM_INFO :    4
UVM_WARNING :    2
UVM_ERROR :    0
UVM_FATAL :    0
** Report counts by id
[COUNTER_STATS]     1
[NO_DPI_USED]     1
[NO_VISIT_CHECK]     1
[RNTST]     1
[UVM/COMP/NAMECHECK]     1
[UVM/RELNOTES]     1

- <project>/third_party/uvm/src/base/uvm_root.svh:633: Verilog $finish
- S i m u l a t i o n   R e p o r t: Verilator 5.050 2026-07-01
- Verilator: $finish at 8us; walltime 0.022 s; speed 344.848 us/s
- Verilator: cpu 0.022 s on 1 threads; allocated 14 MB

PASS seed=2026; waveform=build/counter_seed_2026.vcd; independently checked={'checked': 775, 'resets': 34, 'holds': 234, 'increments': 507, 'wraps': 1}
